exports[`Checkbox field renders correctly 1`] = `
<div
  className="field vertical panel-field panel-conditional-field">
  <label
    className="label panel-field-label">
    Some test label
    <span
      className="icon"
      onBlur={undefined}
      onClick={undefined}
      onContextMenu={undefined}
      onFocus={undefined}
      onMouseDown={undefined}
      onMouseEnter={[Function]}
      onMouseLeave={[Function]}
      onTouchStart={undefined} />
  </label>
  <ul
    className="list">
    <li
      className="item"
      style={Object {}}>
      <label
        className="checkboxLabel">
        <input
          checked={undefined}
          className="checkbox"
          data-depth={0}
          data-field="checkbox"
          data-option-type="multiple"
          name="modular-content-layout[]"
          onChange={[Function]}
          tabIndex={0}
          type="checkbox"
          value="standard" />
        <span />
        Standard
      </label>
    </li>
    <li
      className="item"
      style={Object {}}>
      <label
        className="checkboxLabel">
        <input
          checked={undefined}
          className="checkbox"
          data-depth={0}
          data-field="checkbox"
          data-option-type="multiple"
          name="modular-content-layout[]"
          onChange={[Function]}
          tabIndex={0}
          type="checkbox"
          value="cards" />
        <span />
        Cards
      </label>
    </li>
    <li
      className="item"
      style={Object {}}>
      <label
        className="checkboxLabel">
        <input
          checked={undefined}
          className="checkbox"
          data-depth={0}
          data-field="checkbox"
          data-option-type="multiple"
          name="modular-content-layout[]"
          onChange={[Function]}
          tabIndex={0}
          type="checkbox"
          value="full" />
        <span />
        Full
      </label>
    </li>
  </ul>
</div>
`;
